[33mÔØ»[39m Building...
[32mÔ£ö[39m Building...
[1mInitial chunk files[22m[2m | [22m[1mNames[22m              [2m | [22m [1mRaw size[22m
[32mchunk-22SCFYVA.js[39m  [2m | [22m[2m-[22m                  [2m | [22m  [36m1.34 MB[39m[2m | [22m
[32mchunk-ZNTIBYGT.js[39m  [2m | [22m[2m-[22m                  [2m | [22m[36m155.74 kB[39m[2m | [22m
[32mmain-JV6UHXJQ.js[39m   [2m | [22m[2mmain[22m               [2m | [22m [36m34.92 kB[39m[2m | [22m
[32mstyles-GHJABTSO.css[39m[2m | [22m[2mstyles[22m             [2m | [22m  [36m6.50 kB[39m[2m | [22m

[1m [22m                  [2m | [22m[1mInitial total[22m      [2m | [22m  [1m[91m1.53 MB[39m[22m

[1mLazy chunk files[22m   [2m | [22m[1mNames[22m              [2m | [22m [1mRaw size[22m
[32mchunk-6MXSER5A.js[39m  [2m | [22m[2mdashboard-component[22m[2m | [22m[36m350.28 kB[39m[2m | [22m
[32mchunk-KILJKSF5.js[39m  [2m | [22m[2mregister-component[22m [2m | [22m [36m29.05 kB[39m[2m | [22m
[32mchunk-5VIQJWJ4.js[39m  [2m | [22m[2mwelcome-component[22m  [2m | [22m  [36m9.98 kB[39m[2m | [22m

Application bundle generation failed. [5.279 seconds] - 2026-02-16T12:03:02.614Z

node.exe : 
[1m[33m[33mÔû▓ [4
3;33m[[43;30mWARNING
[43;33m][0m 
[1mbundle initial 
exceeded maximum 
budget. Budget 
500.00 kB was not 
met by 1.03 MB with 
a total of 1.53 
MB.[0m
En C:\Users\bacia\App
Data\Roaming\npm\ng.p
s1: 24 Carácter: 5
+     & "node$exe"  "
$basedir/node_modules
/@angular/cli/bin/ng.
js" $arg ...
+     ~~~~~~~~~~~~~~~
~~~~~~~~~~~~~~~~~~~~~
~~~~~~~~~~~~~~~~~~~~~
~~~~~~~~
    + CategoryInfo   
           : NotSpe  
  cified: ([1m[3   
 3m[33mÔ...of 1.    
53 MB.[0m:Strin    
g) [], RemoteExc    
eption
    + FullyQualified 
   ErrorId : Native  
  CommandError
 


[33mÔû▓ [43;33m[[4
3;30mWARNING[43;33m]
[0m [1msrc/app/dash
board/dashboard.compo
nent.css exceeded 
maximum budget. 
Budget 10.00 kB was 
not met by 2.41 kB 
with a total of 
12.41 kB.[0m


[33mÔû▓ [43;33m[[4
3;30mWARNING[43;33m]
[0m [1msrc/app/main
tenance/maintenance.c
omponent.css 
exceeded maximum 
budget. Budget 10.00 
kB was not met by 
2.44 kB with a total 
of 12.44 kB.[0m

[39m[22m
[1m[31m[31mX [41;
31m[[41;97mERROR[41
;31m][0m [1mbundle 
initial exceeded 
maximum budget. 
Budget 1.00 MB was 
not met by 534.46 kB 
with a total of 1.53 
MB.[0m


[31mX [41;31m[[41;
97mERROR[41;31m][0m
 [1msrc/app/dashboar
d/dashboard.component
.css exceeded 
maximum budget. 
Budget 12.00 kB was 
not met by 412 bytes 
with a total of 
12.41 kB.[0m


[31mX [41;31m[[41;
97mERROR[41;31m][0m
 [1msrc/app/maintena
nce/maintenance.compo
nent.css exceeded 
maximum budget. 
Budget 12.00 kB was 
not met by 438 bytes 
with a total of 
12.44 kB.[0m

[39m[22m
